<html>
<body>
<pre>
<h1>µVision Build Log</h1>
<h2>Tool Versions:</h2>
IDE-Version: µVision V5.31.0.0
Copyright (C) 2020 ARM Ltd and ARM Germany GmbH. All rights reserved.
License Information: Do Xuan Tuan, MQ, LIC=BUUUH-WD3X9-KPIZY-ISWI2-BXKR4-93USA
 
Tool Versions:
Toolchain:       MDK-ARM Plus  Version: 5.31.0.0
Toolchain Path:  C:\Keil_v5\ARM\ARMCC\Bin
C Compiler:      Armcc.exe V5.06 update 6 (build 750)
Assembler:       Armasm.exe V5.06 update 6 (build 750)
Linker/Locator:  ArmLink.exe V5.06 update 6 (build 750)
Library Manager: ArmAr.exe V5.06 update 6 (build 750)
Hex Converter:   FromElf.exe V5.06 update 6 (build 750)
CPU DLL:         SARMCM3.DLL V5.31.0.0
Dialog DLL:      DCM.DLL V1.17.3.0
Target DLL:      STLink\ST-LINKIII-KEIL_SWO.dll V3.0.7.0
Dialog DLL:      TCM.DLL V1.46.0.0
 
<h2>Project:</h2>
D:\STM32\Project4_UART\Uart.uvprojx
Project File Date:  09/02/2020

<h2>Output:</h2>
*** Using Compiler 'V5.06 update 6 (build 750)', folder: 'C:\Keil_v5\ARM\ARMCC\Bin'
Rebuild target 'Uart'
compiling stm32f10x_it.c...
compiling main.c...
User\main.c(189): warning:  #167-D: argument of type "uint8_t *" is incompatible with parameter of type "char *restrict"
  		sprintf(timeNow,"%.2d:%.2d:%.2d \n",hour_t,min_t,sec_t);
User\main.c(166): warning:  #550-D: variable "day_t"  was set but never used
  	uint8_t sec_t = 0, min_t = 0, hour_t = 0,day_t = 0, date_t = 0,mon_t = 0,year_t = 0;
User\main.c(166): warning:  #550-D: variable "date_t"  was set but never used
  	uint8_t sec_t = 0, min_t = 0, hour_t = 0,day_t = 0, date_t = 0,mon_t = 0,year_t = 0;
User\main.c(166): warning:  #550-D: variable "mon_t"  was set but never used
  	uint8_t sec_t = 0, min_t = 0, hour_t = 0,day_t = 0, date_t = 0,mon_t = 0,year_t = 0;
User\main.c(166): warning:  #550-D: variable "year_t"  was set but never used
  	uint8_t sec_t = 0, min_t = 0, hour_t = 0,day_t = 0, date_t = 0,mon_t = 0,year_t = 0;
User\main.c: 5 warnings, 0 errors
compiling i2c_Hardware.c...
assembling startup_stm32f10x_md.s...
compiling core_cm3.c...
compiling Lcd_i2c.c...
User\Lcd_i2c.c(56): warning:  #223-D: function "strlen" declared implicitly
  	length = strlen(buff);
User\Lcd_i2c.c: 1 warning, 0 errors
compiling Ds1307.c...
compiling system_stm32f10x.c...
compiling misc.c...
compiling stm32f10x_flash.c...
compiling stm32f10x_gpio.c...
compiling stm32f10x_rcc.c...
compiling stm32f10x_usart.c...
compiling stm32f10x_tim.c...
compiling stm32f10x_i2c.c...
linking...
Program Size: Code=4292 RO-data=276 RW-data=36 ZI-data=1076  
FromELF: creating hex file...
".\Objects\Uart.axf" - 0 Error(s), 6 Warning(s).

<h2>Software Packages used:</h2>

Package Vendor: Keil
                http://www.keil.com/pack/Keil.STM32F1xx_DFP.2.3.0.pack
                Keil.STM32F1xx_DFP.2.3.0
                STMicroelectronics STM32F1 Series Device Support, Drivers and Examples

<h2>Collection of Component include folders:</h2>
  C:\Users\Admin\AppData\Local\Arm\Packs\Keil\STM32F1xx_DFP\2.3.0\Device\Include

<h2>Collection of Component Files used:</h2>
Build Time Elapsed:  00:00:05
</pre>
</body>
</html>
